// Jest Snapshot v1, https://goo.gl/fbAQLP

exports[`Label component matches the snapshot 1`] = `
<label
  className="sc-bdVaJa bSfUnM"
>
  My Label
</label>
`;
